


"tag","count(*)"
"mm-camera",562
"NxpTml",109
"sysui_multi_action",101
"NuPlayerDriver",60
"CAM_Profiler",57
"-----",0
"AlarmManager",1
"AudioTrack",1
"CAM_ActvCamDevTrckr",1
"CAM_AutoFlashZslImgFltr",1
"CAM_FlashBasedPhotoCmd",1
"-----",0
"GnssLocationProvider",8
"power_screen_broadcast_done",2
"power_screen_broadcast_send",2
"power_sleep_requested",1
