"ts","name","value","dur","value_delta","ref","ref_type"
50,"cpufreq",50,350,50,0,"cpu"
