"ts","cpu","dur","utid"
1,0,99,4
50,1,70,1
100,0,15,2
115,0,0,4
120,1,50,2
170,1,80,0
250,1,140,2
390,1,0,3
