"ts","dur","name"
100,6,"sys_read"
105,5,"sys_write"
